[    0.000000] Linux version 4.15.0-213-generic (buildd@lcy02-amd64-079) (gcc version 7.5.0 (Ubuntu 7.5.0-3ubuntu1~18.04)) #224-Ubuntu SMP Mon Jun 19 13:30:12 UTC 2023 (Ubuntu 4.15.0-213.224-generic 4.15.18)
[    0.000000] Command line: BOOT_IMAGE=/boot/vmlinuz-4.15.0-213-generic root=UUID=f685bb41-0e3b-40c4-89c1-eea0f0583525 ro console=tty1 console=ttyS0
[    0.000000] KERNEL supported cpus:
[    0.000000]   Intel GenuineIntel
[    0.000000]   AMD AuthenticAMD
[    0.000000]   Centaur CentaurHauls
[    0.000000] x86/fpu: x87 FPU will use FXSAVE
[    0.000000] e820: BIOS-provided physical RAM map:
[    0.000000] BIOS-e820: [mem 0x0000000000000000-0x000000000009fbff] usable
[    0.000000] BIOS-e820: [mem 0x000000000009fc00-0x000000000009ffff] reserved
[    0.000000] BIOS-e820: [mem 0x00000000000f0000-0x00000000000fffff] reserved
[    0.000000] BIOS-e820: [mem 0x0000000000100000-0x000000007ffeffff] usable
[    0.000000] BIOS-e820: [mem 0x000000007fff0000-0x000000007fffffff] ACPI data
[    0.000000] BIOS-e820: [mem 0x00000000fec00000-0x00000000fec00fff] reserved
[    0.000000] BIOS-e820: [mem 0x00000000fee00000-0x00000000fee00fff] reserved
[    0.000000] BIOS-e820: [mem 0x00000000fffc0000-0x00000000ffffffff] reserved
[    0.000000] NX (Execute Disable) protection: active
[    0.000000] SMBIOS 2.5 present.
[    0.000000] DMI: innotek GmbH VirtualBox/VirtualBox, BIOS VirtualBox 12/01/2006
[    0.000000] Hypervisor detected: KVM
[    0.000000] e820: last_pfn = 0x7fff0 max_arch_pfn = 0x400000000
[    0.000000] MTRR: Disabled
[    0.000000] x86/PAT: MTRRs disabled, skipping PAT initialization too.
[    0.000000] CPU MTRRs all blank - virtualized system.
[    0.000000] x86/PAT: Configuration [0-7]: WB  WT  UC- UC  WB  WT  UC- UC  
[    0.000000] found SMP MP-table at [mem 0x0009fff0-0x0009ffff]
[    0.000000] Scanning 1 areas for low memory corruption
[    0.000000] RAMDISK: [mem 0x35819000-0x36c03fff]
[    0.000000] ACPI: Early table checksum verification disabled
[    0.000000] ACPI: RSDP 0x00000000000E0000 000024 (v02 VBOX  )
[    0.000000] ACPI: XSDT 0x000000007FFF0030 00003C (v01 VBOX   VBOXXSDT 00000001 ASL  00000061)
[    0.000000] ACPI: FACP 0x000000007FFF00F0 0000F4 (v04 VBOX   VBOXFACP 00000001 ASL  00000061)
[    0.000000] ACPI: DSDT 0x000000007FFF0610 002353 (v02 VBOX   VBOXBIOS 00000002 INTL 20100528)
[    0.000000] ACPI: FACS 0x000000007FFF0200 000040
[    0.000000] ACPI: FACS 0x000000007FFF0200 000040
[    0.000000] ACPI: APIC 0x000000007FFF0240 00005C (v02 VBOX   VBOXAPIC 00000001 ASL  00000061)
[    0.000000] ACPI: SSDT 0x000000007FFF02A0 00036C (v01 VBOX   VBOXCPUT 00000002 INTL 20100528)
[    0.000000] ACPI: Reserving FACP table memory at [mem 0x7fff00f0-0x7fff01e3]
[    0.000000] ACPI: Reserving DSDT table memory at [mem 0x7fff0610-0x7fff2962]
[    0.000000] ACPI: Reserving FACS table memory at [mem 0x7fff0200-0x7fff023f]
[    0.000000] ACPI: Reserving FACS table memory at [mem 0x7fff0200-0x7fff023f]
[    0.000000] ACPI: Reserving APIC table memory at [mem 0x7fff0240-0x7fff029b]
[    0.000000] ACPI: Reserving SSDT table memory at [mem 0x7fff02a0-0x7fff060b]
[    0.000000] No NUMA configuration found
[    0.000000] Faking a node at [mem 0x0000000000000000-0x000000007ffeffff]
[    0.000000] NODE_DATA(0) allocated [mem 0x7ffc5000-0x7ffeffff]
[    0.000000] kvm-clock: cpu 0, msr 0:7ff44001, primary cpu clock
[    0.000000] kvm-clock: Using msrs 4b564d01 and 4b564d00
[    0.000000] kvm-clock: using sched offset of 5550863946 cycles
[    0.000000] clocksource: kvm-clock: mask: 0xffffffffffffffff max_cycles: 0x1cd42e4dffb, max_idle_ns: 881590591483 ns
[    0.000000] Zone ranges:
[    0.000000]   DMA      [mem 0x0000000000001000-0x0000000000ffffff]
[    0.000000]   DMA32    [mem 0x0000000001000000-0x000000007ffeffff]
[    0.000000]   Normal   empty
[    0.000000]   Device   empty
[    0.000000] Movable zone start for each node
[    0.000000] Early memory node ranges
[    0.000000]   node   0: [mem 0x0000000000001000-0x000000000009efff]
[    0.000000]   node   0: [mem 0x0000000000100000-0x000000007ffeffff]
[    0.000000] Reserved but unavailable: 104 pages
[    0.000000] Initmem setup node 0 [mem 0x0000000000001000-0x000000007ffeffff]
[    0.000000] ACPI: PM-Timer IO Port: 0x4008
[    0.000000] IOAPIC[0]: apic_id 2, version 32, address 0xfec00000, GSI 0-23
[    0.000000] ACPI: INT_SRC_OVR (bus 0 bus_irq 0 global_irq 2 dfl dfl)
[    0.000000] ACPI: INT_SRC_OVR (bus 0 bus_irq 9 global_irq 9 low level)
[    0.000000] Using ACPI (MADT) for SMP configuration information
[    0.000000] smpboot: Allowing 2 CPUs, 0 hotplug CPUs
[    0.000000] PM: Registered nosave memory: [mem 0x00000000-0x00000fff]
[    0.000000] PM: Registered nosave memory: [mem 0x0009f000-0x0009ffff]
[    0.000000] PM: Registered nosave memory: [mem 0x000a0000-0x000effff]
[    0.000000] PM: Registered nosave memory: [mem 0x000f0000-0x000fffff]
[    0.000000] e820: [mem 0x80000000-0xfebfffff] available for PCI devices
[    0.000000] Booting paravirtualized kernel on KVM
[    0.000000] clocksource: refined-jiffies: mask: 0xffffffff max_cycles: 0xffffffff, max_idle_ns: 7645519600211568 ns
[    0.000000] setup_percpu: NR_CPUS:8192 nr_cpumask_bits:2 nr_cpu_ids:2 nr_node_ids:1
[    0.000000] percpu: Embedded 50 pages/cpu s167936 r8192 d28672 u1048576
[    0.000000] PV qspinlock hash table entries: 256 (order: 0, 4096 bytes)
[    0.000000] Built 1 zonelists, mobility grouping on.  Total pages: 515961
[    0.000000] Policy zone: DMA32
[    0.000000] Kernel command line: BOOT_IMAGE=/boot/vmlinuz-4.15.0-213-generic root=UUID=f685bb41-0e3b-40c4-89c1-eea0f0583525 ro console=tty1 console=ttyS0
[    0.000000] Memory: 2013968K/2096696K available (12300K kernel code, 2477K rwdata, 4324K rodata, 2480K init, 2720K bss, 82728K reserved, 0K cma-reserved)
[    0.000000] SLUB: HWalign=64, Order=0-3, MinObjects=0, CPUs=2, Nodes=1
[    0.000000] Kernel/User page tables isolation: enabled
[    0.000000] ftrace: allocating 39508 entries in 155 pages
[    0.004000] Hierarchical RCU implementation.
[    0.004000] 	RCU restricting CPUs from NR_CPUS=8192 to nr_cpu_ids=2.
[    0.004000] 	Tasks RCU enabled.
[    0.004000] RCU: Adjusting geometry for rcu_fanout_leaf=16, nr_cpu_ids=2
[    0.004000] NR_IRQS: 524544, nr_irqs: 440, preallocated irqs: 16
[    0.004000] random: crng init done
[    0.004000] Console: colour VGA+ 80x25
[    0.004000] console [tty1] enabled
[    0.004000] console [ttyS0] enabled
[    0.004000] ACPI: Core revision 20170831
[    0.004000] ACPI: 2 ACPI AML tables successfully acquired and loaded
[    0.004000] APIC: Switch to symmetric I/O mode setup
[    0.004000] ..TIMER: vector=0x30 apic1=0 pin1=2 apic2=-1 pin2=-1
[    0.004008] tsc: Detected 2112.000 MHz processor
[    0.008014] Calibrating delay loop (skipped) preset value.. 4224.00 BogoMIPS (lpj=8448000)
[    0.012008] pid_max: default: 32768 minimum: 301
[    0.016100] Security Framework initialized
[    0.020007] Yama: becoming mindful.
[    0.024129] AppArmor: AppArmor initialized
[    0.040962] Dentry cache hash table entries: 262144 (order: 9, 2097152 bytes)
[    0.051943] Inode-cache hash table entries: 131072 (order: 8, 1048576 bytes)
[    0.052211] Mount-cache hash table entries: 4096 (order: 3, 32768 bytes)
[    0.060008] Mountpoint-cache hash table entries: 4096 (order: 3, 32768 bytes)
[    0.068262] Last level iTLB entries: 4KB 64, 2MB 8, 4MB 8
[    0.072007] Last level dTLB entries: 4KB 64, 2MB 0, 4MB 0, 1GB 4
[    0.076011] Spectre V1 : Mitigation: usercopy/swapgs barriers and __user pointer sanitization
[    0.080009] Spectre V2 : Mitigation: Retpolines
[    0.084006] Spectre V2 : Spectre v2 / SpectreRSB mitigation: Filling RSB on context switch
[    0.088007] Spectre V2 : Spectre v2 / SpectreRSB : Filling RSB on VMEXIT
[    0.092006] RETBleed: WARNING: Spectre v2 mitigation leaves CPU vulnerable to RETBleed attacks, data leaks possible!
[    0.096007] RETBleed: Vulnerable
[    0.100007] Speculative Store Bypass: Vulnerable
[    0.104124] MDS: Mitigation: Clear CPU buffers
[    0.108006] MMIO Stale Data: Mitigation: Clear CPU buffers
[    0.112008] SRBDS: Unknown: Dependent on hypervisor status
[    0.116221] Freeing SMP alternatives memory: 36K
[    0.238517] smpboot: CPU0: Intel(R) Core(TM) i7-8650U CPU @ 1.90GHz (family: 0x6, model: 0x8e, stepping: 0xa)
[    0.240610] Performance Events: unsupported p6 CPU model 142 no PMU driver, software events only.
[    0.244247] Hierarchical SRCU implementation.
[    0.249110] NMI watchdog: Perf event create on CPU 0 failed with -2
[    0.256007] NMI watchdog: Perf NMI watchdog permanently disabled
[    0.260702] smp: Bringing up secondary CPUs ...
[    0.265294] x86: Booting SMP configuration:
[    0.268007] .... node  #0, CPUs:      #1
[    0.004000] kvm-clock: cpu 1, msr 0:7ff44041, secondary cpu clock
[    0.284000] TSC synchronization [CPU#0 -> CPU#1]:
[    0.284000] Measured 74330 cycles TSC warp between CPUs, turning off TSC clock.
[    0.284000] tsc: Marking TSC unstable due to check_tsc_sync_source failed
[    0.288388] smp: Brought up 1 node, 2 CPUs
[    0.292011] smpboot: Max logical packages: 1
[    0.296009] smpboot: Total of 2 processors activated (8448.00 BogoMIPS)
[    0.304120] devtmpfs: initialized
[    0.308151] x86/mm: Memory block size: 128MB
[    0.312821] evm: security.selinux
[    0.316006] evm: security.SMACK64
[    0.320004] evm: security.SMACK64EXEC
[    0.324008] evm: security.SMACK64TRANSMUTE
[    0.328006] evm: security.SMACK64MMAP
[    0.332005] evm: security.apparmor
[    0.336005] evm: security.ima
[    0.340006] evm: security.capability
[    0.349020] clocksource: jiffies: mask: 0xffffffff max_cycles: 0xffffffff, max_idle_ns: 7645041785100000 ns
[    0.352028] futex hash table entries: 512 (order: 3, 32768 bytes)
[    0.356297] pinctrl core: initialized pinctrl subsystem
[    0.364865] RTC time: 18:58:30, date: 07/23/24
[    0.374774] NET: Registered protocol family 16
[    0.376284] audit: initializing netlink subsys (disabled)
[    0.380315] audit: type=2000 audit(1721761115.851:1): state=initialized audit_enabled=0 res=1
[    0.396016] cpuidle: using governor ladder
[    0.400022] cpuidle: using governor menu
[    0.404057] ACPI: bus type PCI registered
[    0.408008] acpiphp: ACPI Hot Plug PCI Controller Driver version: 0.5
[    0.412822] PCI: Using configuration type 1 for base access
[    0.424387] HugeTLB registered 2.00 MiB page size, pre-allocated 0 pages
[    0.432504] ACPI: Added _OSI(Module Device)
[    0.440011] ACPI: Added _OSI(Processor Device)
[    0.452006] ACPI: Added _OSI(3.0 _SCP Extensions)
[    0.460011] ACPI: Added _OSI(Processor Aggregator Device)
[    0.476013] ACPI: Added _OSI(Linux-Dell-Video)
[    0.484012] ACPI: Added _OSI(Linux-Lenovo-NV-HDMI-Audio)
[    0.500013] ACPI: Added _OSI(Linux-HPI-Hybrid-Graphics)
[    0.508336] ACPI: Executed 1 blocks of module-level executable AML code
[    0.525845] ACPI: Interpreter enabled
[    0.532024] ACPI: (supports S0 S5)
[    0.536005] ACPI: Using IOAPIC for interrupt routing
[    0.544609] PCI: Using host bridge windows from ACPI; if necessary, use "pci=nocrs" and report a bug
[    0.560613] ACPI: Enabled 2 GPEs in block 00 to 07
[    0.586891] ACPI: PCI Root Bridge [PCI0] (domain 0000 [bus 00-ff])
[    0.596017] acpi PNP0A03:00: _OSC: OS supports [ASPM ClockPM Segments MSI]
[    0.605134] acpi PNP0A03:00: _OSC: not requesting OS control; OS requires [ExtendedConfig ASPM ClockPM MSI]
[    0.620039] acpi PNP0A03:00: fail to add MMCONFIG information, can't access extended PCI configuration space under this bridge.
[    0.640102] PCI host bridge to bus 0000:00
[    0.648011] pci_bus 0000:00: root bus resource [io  0x0000-0x0cf7 window]
[    0.660013] pci_bus 0000:00: root bus resource [io  0x0d00-0xffff window]
[    0.672010] pci_bus 0000:00: root bus resource [mem 0x000a0000-0x000bffff window]
[    0.684029] pci_bus 0000:00: root bus resource [mem 0x80000000-0xfdffffff window]
[    0.696011] pci_bus 0000:00: root bus resource [bus 00-ff]
[    0.716687] pci 0000:00:01.1: legacy IDE quirk: reg 0x10: [io  0x01f0-0x01f7]
[    0.728012] pci 0000:00:01.1: legacy IDE quirk: reg 0x14: [io  0x03f6]
[    0.740010] pci 0000:00:01.1: legacy IDE quirk: reg 0x18: [io  0x0170-0x0177]
[    0.752012] pci 0000:00:01.1: legacy IDE quirk: reg 0x1c: [io  0x0376]
[    0.797623] pci 0000:00:07.0: quirk: [io  0x4000-0x403f] claimed by PIIX4 ACPI
[    0.808065] pci 0000:00:07.0: quirk: [io  0x4100-0x410f] claimed by PIIX4 SMB
[    0.836308] ACPI: PCI Interrupt Link [LNKA] (IRQs 5 9 10 *11)
[    0.844855] ACPI: PCI Interrupt Link [LNKB] (IRQs 5 9 *10 11)
[    0.852329] ACPI: PCI Interrupt Link [LNKC] (IRQs 5 *9 10 11)
[    0.860367] ACPI: PCI Interrupt Link [LNKD] (IRQs 5 9 10 *11)
[    0.872926] SCSI subsystem initialized
[    0.876366] pci 0000:00:02.0: vgaarb: setting as boot VGA device
[    0.880000] pci 0000:00:02.0: vgaarb: VGA device added: decodes=io+mem,owns=io+mem,locks=none
[    0.900015] pci 0000:00:02.0: vgaarb: bridge control possible
[    0.908010] vgaarb: loaded
[    0.912042] ACPI: bus type USB registered
[    0.920077] usbcore: registered new interface driver usbfs
[    0.928034] usbcore: registered new interface driver hub
[    0.936036] usbcore: registered new device driver usb
[    0.948184] EDAC MC: Ver: 3.0.0
[    0.956404] PCI: Using ACPI for IRQ routing
[    0.964819] NetLabel: Initializing
[    0.972007] NetLabel:  domain hash size = 128
[    0.976007] NetLabel:  protocols = UNLABELED CIPSOv4 CALIPSO
[    0.988208] NetLabel:  unlabeled traffic allowed by default
[    0.996481] clocksource: Switched to clocksource kvm-clock
[    1.064008] VFS: Disk quotas dquot_6.6.0
[    1.076210] VFS: Dquot-cache hash table entries: 512 (order 0, 4096 bytes)
[    1.086480] AppArmor: AppArmor Filesystem Enabled
[    1.094861] pnp: PnP ACPI init
[    1.102762] pnp: PnP ACPI: found 3 devices
[    1.120389] clocksource: acpi_pm: mask: 0xffffff max_cycles: 0xffffff, max_idle_ns: 2085701024 ns
[    1.133119] NET: Registered protocol family 2
[    1.141850] IP idents hash table entries: 32768 (order: 6, 262144 bytes)
[    1.153139] TCP established hash table entries: 16384 (order: 5, 131072 bytes)
[    1.164943] TCP bind hash table entries: 16384 (order: 6, 262144 bytes)
[    1.175998] TCP: Hash tables configured (established 16384 bind 16384)
[    1.186850] UDP hash table entries: 1024 (order: 3, 32768 bytes)
[    1.195882] UDP-Lite hash table entries: 1024 (order: 3, 32768 bytes)
[    1.205851] NET: Registered protocol family 1
[    1.213016] pci 0000:00:00.0: Limiting direct PCI/PCI transfers
[    1.221983] pci 0000:00:01.0: Activating ISA DMA hang workarounds
[    1.231095] pci 0000:00:02.0: Video device with shadowed ROM at [mem 0x000c0000-0x000dffff]
[    1.243463] Unpacking initramfs...
[    1.298685] Freeing initrd memory: 20396K
[    1.943668] clocksource: tsc: mask: 0xffffffffffffffff max_cycles: 0x1e71785e5dd, max_idle_ns: 440795244814 ns
[    1.959499] platform rtc_cmos: registered platform RTC device (no PNP device found)
[    1.972269] Scanning for low memory corruption every 60 seconds
[    1.984073] Initialise system trusted keyrings
[    1.991634] Key type blacklist registered
[    2.000760] workingset: timestamp_bits=36 max_order=19 bucket_order=0
[    2.012459] zbud: loaded
[    2.019743] squashfs: version 4.0 (2009/01/31) Phillip Lougher
[    2.030082] fuse init (API version 7.26)
[    2.072393] Key type asymmetric registered
[    2.079601] Asymmetric key parser 'x509' registered
[    2.087820] Block layer SCSI generic (bsg) driver version 0.4 loaded (major 246)
[    2.099842] io scheduler noop registered
[    2.107219] io scheduler deadline registered
[    2.114582] io scheduler cfq registered (default)
[    2.123702] ACPI: AC Adapter [AC] (on-line)
[    2.131136] input: Power Button as /devices/LNXSYSTM:00/LNXPWRBN:00/input/input0
[    2.145328] ACPI: Power Button [PWRF]
[    2.155529] input: Sleep Button as /devices/LNXSYSTM:00/LNXSLPBN:00/input/input1
[    2.167082] ACPI: Sleep Button [SLPF]
[    2.174818] Serial: 8250/16550 driver, 32 ports, IRQ sharing enabled
[    2.177066] ACPI: Battery Slot [BAT0] (battery present)
[    2.228700] 00:02: ttyS0 at I/O 0x3f8 (irq = 4, base_baud = 115200) is a 16550A
[    2.242381] Linux agpgart interface v0.103
[    2.259008] loop: module loaded
[    2.269917] scsi host0: ata_piix
[    2.277730] scsi host1: ata_piix
[    2.285639] ata1: PATA max UDMA/33 cmd 0x1f0 ctl 0x3f6 bmdma 0xd000 irq 14
[    2.295975] ata2: PATA max UDMA/33 cmd 0x170 ctl 0x376 bmdma 0xd008 irq 15
[    2.306240] tun: Universal TUN/TAP device driver, 1.6
[    2.314509] PPP generic driver version 2.4.2
[    2.321783] ehci_hcd: USB 2.0 'Enhanced' Host Controller (EHCI) Driver
[    2.331853] ehci-pci: EHCI PCI platform driver
[    2.339868] ehci-platform: EHCI generic platform driver
[    2.349773] ohci_hcd: USB 1.1 'Open' Host Controller (OHCI) Driver
[    2.360201] ohci-pci: OHCI PCI platform driver
[    2.367097] ohci-platform: OHCI generic platform driver
[    2.375064] uhci_hcd: USB Universal Host Controller Interface driver
[    2.385282] i8042: PNP: PS/2 Controller [PNP0303:PS2K,PNP0f03:PS2M] at 0x60,0x64 irq 1,12
[    2.402940] serio: i8042 KBD port at 0x60,0x64 irq 1
[    2.410766] serio: i8042 AUX port at 0x60,0x64 irq 12
[    2.420452] mousedev: PS/2 mouse device common for all mice
[    2.433913] input: AT Translated Set 2 keyboard as /devices/platform/i8042/serio0/input/input2
[    2.449675] rtc_cmos rtc_cmos: rtc core: registered rtc_cmos as rtc0
[    2.460486] rtc_cmos rtc_cmos: alarms up to one day, 114 bytes nvram
[    2.508872] i2c /dev entries driver
[    2.515929] device-mapper: uevent: version 1.0.3
[    2.525662] device-mapper: ioctl: 4.37.0-ioctl (2017-09-20) initialised: dm-devel@redhat.com
[    2.557481] ledtrig-cpu: registered to indicate activity on CPUs
[    2.570234] NET: Registered protocol family 10
[    2.593080] Segment Routing with IPv6
[    2.598465] NET: Registered protocol family 17
[    2.605297] Key type dns_resolver registered
[    2.612853] mce: Using 0 MCE banks
[    2.618213] RAS: Correctable Errors collector initialized.
[    2.627070] sched_clock: Marking stable (2626950769, 0)->(3934120219, -1307169450)
[    2.643809] registered taskstats version 1
[    2.650320] Loading compiled-in X.509 certificates
[    2.665189] Loaded X.509 cert 'Build time autogenerated kernel key: cdc7189136aaa35407544516090e2034d9c28e14'
[    2.679985] Loaded X.509 cert 'Canonical Ltd. Live Patch Signing: 14df34d1a87cf37625abec039ef2bf521249b969'
[    2.695443] Loaded X.509 cert 'Canonical Ltd. Kernel Module Signing: 88f752e560a1e0737e31163a466ad7b70a850c19'
[    2.710843] blacklist: Loading compiled-in revocation X.509 certificates
[    2.720815] Loaded X.509 cert 'Canonical Ltd. Secure Boot Signing: 61482aa2830d0ab2ad5af10b7250da9033ddcef0'
[    2.734650] Loaded X.509 cert 'Canonical Ltd. Secure Boot Signing (2017): 242ade75ac4a15e50d50c84b0d45ff3eae707a03'
[    2.749941] Loaded X.509 cert 'Canonical Ltd. Secure Boot Signing (ESM 2018): 365188c1d374d6b07c3c8f240f8ef722433d6a8b'
[    2.765556] Loaded X.509 cert 'Canonical Ltd. Secure Boot Signing (2019): c0746fd6c5da3ae827864651ad66ae47fe24b3e8'
[    2.779713] Loaded X.509 cert 'Canonical Ltd. Secure Boot Signing (2021 v1): a8d54bbb3825cfb94fa13c9f8a594a195c107b8d'
[    2.793875] Loaded X.509 cert 'Canonical Ltd. Secure Boot Signing (2021 v2): 4cf046892d6fd3c9a5b03f98d845f90851dc6a8c'
[    2.809374] Loaded X.509 cert 'Canonical Ltd. Secure Boot Signing (2021 v3): 100437bb6de6e469b581e61cd66bce3ef4ed53af'
[    2.826264] Loaded X.509 cert 'Canonical Ltd. Secure Boot Signing (Ubuntu Core 2019): c1d57b8f6b743f23ee41f4f7ee292f06eecadfb9'
[    2.845076] zswap: loaded using pool lzo/zbud
[    2.873079] Key type big_key registered
[    2.878801] Key type trusted registered
[    2.892403] Key type encrypted registered
[    2.898655] AppArmor: AppArmor sha1 policy hashing enabled
[    2.906435] ima: No TPM chip found, activating TPM-bypass! (rc=-19)
[    2.915539] ima: Allocated hash algorithm: sha1
[    2.922487] evm: HMAC attrs: 0x1
[    2.929499]   Magic number: 0:89:1000
[    2.935450] misc memory_bandwidth: hash matches
[    2.942500] serial 00:02: hash matches
[    2.950107] rtc_cmos rtc_cmos: setting system clock to 2024-07-23 18:58:32 UTC (1721761112)
[    2.964323] BIOS EDD facility v0.16 2004-Jun-25, 0 devices found
[    2.973217] EDD information not available.
[    2.985798] Freeing unused kernel image memory: 2480K
[    3.016939] Write protecting the kernel read-only data: 20480k
[    3.027498] Freeing unused kernel image memory: 2008K
[    3.036445] Freeing unused kernel image memory: 1820K
[    3.056275] x86/mm: Checked W+X mappings: passed, no W+X pages found.
[    3.066522] x86/mm: Checking user space page tables
[    3.081369] x86/mm: Checked W+X mappings: passed, no W+X pages found.
Loading, please wait...
starting version 237
[    3.261211] e1000: Intel(R) PRO/1000 Network Driver - version 7.3.21-k8-NAPI
[    3.272018] e1000: Copyright (c) 1999-2006 Intel Corporation.
[    3.289972] Fusion MPT base driver 3.04.20
[    3.297089] Copyright (c) 1999-2008 LSI Corporation
[    3.370589] SSE version of gcm_enc/dec engaged.
[    3.382569] Fusion MPT SPI Host driver 3.04.20
[    3.624627] input: ImExPS/2 Generic Explorer Mouse as /devices/platform/i8042/serio1/input/input4
[    4.316914] e1000 0000:00:03.0 eth0: (PCI:33MHz:32-bit) 02:3b:7b:b7:3b:2d
[    4.325166] e1000 0000:00:03.0 eth0: Intel(R) PRO/1000 Network Connection
[    4.337666] mptbase: ioc0: Initiating bringup
[    5.039226] ioc0: LSI53C1030 A0: Capabilities={Initiator}
[    5.649227] scsi host2: ioc0: LSI53C1030 A0, FwRev=00000000h, Ports=1, MaxQ=256, IRQ=20
[    6.188137] scsi 2:0:0:0: Direct-Access     VBOX     HARDDISK         1.0  PQ: 0 ANSI: 5
[    6.232597] scsi target2:0:0: Beginning Domain Validation
[    6.248730] scsi target2:0:0: Domain Validation skipping write tests
[    6.256444] scsi target2:0:0: Ending Domain Validation
[    6.264077] scsi target2:0:0: asynchronous
[    6.273658] scsi 2:0:1:0: Direct-Access     VBOX     HARDDISK         1.0  PQ: 0 ANSI: 5
[    6.640351] scsi target2:0:1: Beginning Domain Validation
[    6.657281] scsi target2:0:1: Domain Validation skipping write tests
[    6.667065] scsi target2:0:1: Ending Domain Validation
[    6.675766] scsi target2:0:1: asynchronous
[    6.701037] sd 2:0:0:0: [sda] 83886080 512-byte logical blocks: (42.9 GB/40.0 GiB)
[    6.711656] sd 2:0:0:0: Attached scsi generic sg0 type 0
[    6.719338] sd 2:0:0:0: [sda] Write Protect is off
[    6.728716] sd 2:0:1:0: [sdb] 20480 512-byte logical blocks: (10.5 MB/10.0 MiB)
[    6.738968] sd 2:0:1:0: Attached scsi generic sg1 type 0
[    6.747245] sd 2:0:1:0: [sdb] Write Protect is off
[    6.755010] sd 2:0:0:0: [sda] Incomplete mode parameter data
[    6.763351] sd 2:0:0:0: [sda] Assuming drive cache: write through
[    6.774361] sd 2:0:1:0: [sdb] Incomplete mode parameter data
[    6.782279] sd 2:0:1:0: [sdb] Assuming drive cache: write through
[    6.800638]  sda: sda1
[    6.807665] sd 2:0:0:0: [sda] Attached SCSI disk
[    6.824480] sd 2:0:1:0: [sdb] Attached SCSI disk
[    7.104058] e1000 0000:00:08.0 eth1: (PCI:33MHz:32-bit) 08:00:27:54:88:48
[    7.113580] e1000 0000:00:08.0 eth1: Intel(R) PRO/1000 Network Connection
[    7.125885] e1000 0000:00:03.0 enp0s3: renamed from eth0
[    7.293783] e1000 0000:00:08.0 enp0s8: renamed from eth1
Begin: Loading essential drivers ... [   13.273386] raid6: sse2x1   gen() 206798 MB/s
[   15.270591] raid6: sse2x1   xor() 200844 MB/s
[   17.273240] raid6: sse2x2   gen() 317432 MB/s
[   17.330839] raid6: sse2x2   xor()  8062 MB/s
[   17.386037] raid6: sse2x4   gen() 12860 MB/s
[   17.437245] raid6: sse2x4   xor()  8648 MB/s
[   17.442409] raid6: using algorithm sse2x2 gen() 317432 MB/s
[   17.448868] raid6: .... xor() 8062 MB/s, rmw enabled
[   17.454359] raid6: using ssse3x2 recovery algorithm
[   17.462760] xor: measuring software checksum speed
[   17.508230]    prefetch64-sse: 18396.000 MB/sec
[   17.552269]    generic_sse: 14876.000 MB/sec
[   17.557073] xor: using function: prefetch64-sse (18396.000 MB/sec)
[   17.565832] async_tx: api initialized (async)
done.
Begin: Running /scripts/init-premount ... done.
Begin: Mounting root file system ... Begin: Running /scripts/local-top ... done.
Begin: Running /scripts/local-premount ... [   17.651368] Btrfs loaded, crc32c=crc32c-intel
Scanning for Btrfs filesystems
done.
Begin: Will now check root file system ... fsck from util-linux 2.31.1
[/sbin/fsck.ext4 (1) -- /dev/sda1] fsck.ext4 -a -C0 /dev/sda1 
cloudimg-rootfs: clean, 130377/5120000 files, 999410/10485499 blocks
done.
[   17.853027] EXT4-fs (sda1): mounted filesystem with ordered data mode. Opts: (null)
done.
Begin: Running /scripts/local-bottom ... done.
Begin: Running /scripts/init-bottom ... done.
[   18.515274] ip_tables: (C) 2000-2006 Netfilter Core Team
[   18.562278] systemd[1]: systemd 237 running in system mode. (+PAM +AUDIT +SELINUX +IMA +APPARMOR +SMACK +SYSVINIT +UTMP +LIBCRYPTSETUP +GCRYPT +GNUTLS +ACL +XZ +LZ4 +SECCOMP +BLKID +ELFUTILS +KMOD -IDN2 +IDN -PCRE2 default-hierarchy=hybrid)
[   18.583932] systemd[1]: Detected virtualization oracle.
[   18.590067] systemd[1]: Detected architecture x86-64.

Welcome to [1mUbuntu 18.04.6 LTS[0m!

[   18.749835] systemd[1]: Set hostname to <app>.
[   20.579108] systemd[1]: Created slice User and Session Slice.
[[0;32m  OK  [0m] Created slice User and Session Slice.
[   20.590518] systemd[1]: Reached target Mounting snaps.
[[0;32m  OK  [0m] Reached target Mounting snaps.
[   20.600476] systemd[1]: Reached target Mounted snaps.
[[0;32m  OK  [0m] Reached target Mounted snaps.
[   20.609809] systemd[1]: Reached target User and Group Name Lookups.
[[0;32m  OK  [0m] Reached target User and Group Name Lookups.
[   20.621137] systemd[1]: Started Forward Password Requests to Wall Directory Watch.
[[0;32m  OK  [0m] Started Forward Password Requests to Wall Directory Watch.
[   20.634037] systemd[1]: Set up automount Arbitrary Executable File Formats File System Automount Point.
[[0;32m  OK  [0m] Set up automount Arbitrary Executabâ€¦rmats File System Automount Point.
[[0;32m  OK  [0m] Reached target Swap.
[[0;32m  OK  [0m] Created slice System Slice.
[[0;32m  OK  [0m] Listening on Journal Socket.
         Starting Load Kernel Modules...
         Starting Uncomplicated firewall...
[[0;32m  OK  [0m] Reached target Slices.
[[0;32m  OK  [0m] Listening on Network Service Netlink Socket.
[[0;32m  OK  [0m] Listening on Journal Audit Socket.
[[0;32m  OK  [0m] Listening on LVM2 poll daemon socket.
[   20.703339] Loading iSCSI transport class v2.0-870.
[[0;32m  OK  [0m] Listening on Syslog Socket.
[[0;32m  OK  [0m] Listening on LVM2 metadata daemon socket.
         Starting Create list of required stâ€¦ce nodes for the current kernel...
         Mounting Huge Pages File System...
         Mounting Kernel Debug File System...
         Mounting POSIX Message Queue File System...
[[0;32m  OK  [0m] Listening on /dev/initctl Compatibility Named Pipe.
[[0;32m  OK  [0m] Listening on udev Kernel Socket.[   20.754066] iscsi: registered transport (tcp)

[[0;32m  OK  [0m] Listening on udev Control Socket.
         Starting udev Coldplug all Devices...
[[0;32m  OK  [0m] Listening on Journal Socket (/dev/log).
[[0;32m  OK  [0m] Listening on Device-mapper event daemon FIFOs.
         Starting Monitoring of LVM2 mirrorsâ€¦ng dmeventd or progress polling...
[[0;32m  OK  [0m] Reached target System Time Synchronized.
         Starting Journal Service...
[[0;32m  OK  [0m] Listening on fsck to fsckd communication Socket.
         Starting Remount Root and Kernel File Systems...
[[0;32m  OK  [0m] Created slice system-serial\x2dgetty.slice.
         Starting Set the console keyboard layout...
[[0;32m  OK  [0m] Started Uncomplicated firewall.
[[0;32m  OK  [0m] Started Create list of required staâ€¦vice nodes for the current kernel.
[[0;32m  OK  [0m] Mounted Huge Pages File System.
[[0;32m  OK  [0m] Mounted Kernel Debug File System.
[[0;32m  OK  [0m] Mounted POSIX Message Queue File System.
         Starting Create Static Device Nodes in /dev...
[[0;32m  OK  [0m] Started udev Coldplug all Devices.
[[0;32m  OK  [0m] Started Journal Service.
[   20.978750] EXT4-fs (sda1): re-mounted. Opts: (null)
[[0;32m  OK  [0m] Started Remount Root and Kernel File Systems.
         Starting Flush Journal to Persistent Storage...
[   21.041793] iscsi: registered transport (iser)
         Starting Load/Save Random Seed...
[[0;32m  OK  [0m] Started Load Kernel Modules.
         Mounting FUSE Control File System...
         Mounting Kernel Configuration File System...
         Starting Apply Kernel Variables...
[[0;32m  OK  [0m] Mounted Kernel Configuration File System.
[[0;32m  OK  [0m] Mounted FUSE Control File System.
[   21.166876] systemd-journald[418]: Received request to flush runtime journal from PID 1
[[0;32m  OK  [0m] Started Load/Save Random Seed.
[[0;32m  OK  [0m] Started LVM2 metadata daemon.
[[0;32m  OK  [0m] Started Create Static Device Nodes in /dev.
         Starting udev Kernel Device Manager...
[[0;32m  OK  [0m] Started Apply Kernel Variables.
[[0;32m  OK  [0m] Started Set the console keyboard layout.
[[0;32m  OK  [0m] Started Monitoring of LVM2 mirrors,â€¦sing dmeventd or progress polling.
[[0;32m  OK  [0m] Reached target Local File Systems (Pre).
[[0;32m  OK  [0m] Reached target Local File Systems.
         Starting AppArmor initialization...
         Starting ebtables ruleset management...
         Starting Set console font and keymap...
         Starting Tell Plymouth To Write Out Runtime Data...
[[0;32m  OK  [0m] Started Set console font and keymap.
[[0;32m  OK  [0m] Started udev Kernel Device Manager.
[[0;32m  OK  [0m] Started Dispatch Password Requests to Console Directory Watch.
[[0;32m  OK  [0m] Reached target Local Encrypted Volumes.
[[0;32m  OK  [0m] Started Tell Plymouth To Write Out Runtime Data.
[[0;32m  OK  [0m] Found device /dev/ttyS0.
[[0;32m  OK  [0m] Started ebtables ruleset management.
[[0;32m  OK  [0m] Started Flush Journal to Persistent Storage.
         Starting Create Volatile Files and Directories...
[[0;32m  OK  [0m] Started Create Volatile Files and Directories.
         Starting Update UTMP about System Boot/Shutdown...
[[0;32m  OK  [0m] Listening on Load/Save RF Kill Switch Status /dev/rfkill Watch.
[[0;32m  OK  [0m] Started Update UTMP about System Boot/Shutdown.
[[0;32m  OK  [0m] Started AppArmor initialization.
         Starting Load AppArmor profiles managed internally by snapd...
         Starting Initial cloud-init job (pre-networking)...
         Mounting Arbitrary Executable File Formats File System...
[[0;32m  OK  [0m] Mounted Arbitrary Executable File Formats File System.
[[0;32m  OK  [0m] Started Load AppArmor profiles managed internally by snapd.
[   27.984366] cloud-init[568]: Cloud-init v. 23.1.2-0ubuntu0~18.04.1 running 'init-local' at Tue, 23 Jul 2024 18:58:57 +0000. Up 27.57 seconds.
[[0;32m  OK  [0m] Started Initial cloud-init job (pre-networking).
[[0;32m  OK  [0m] Reached target Network (Pre).
         Starting Network Service...
[[0;32m  OK  [0m] Started Network Service.
         Starting Wait for Network to be Configured...
         Starting Network Name Resolution...
[[0;32m  OK  [0m] Started Network Name Resolution.
[[0;32m  OK  [0m] Reached target Network.
[[0;32m  OK  [0m] Reached target Host and Network Name Lookups.
[[0;32m  OK  [0m] Started Wait for Network to be Configured.
         Starting Initial cloud-init job (metadata service crawler)...
[   30.450098] cloud-init[693]: Cloud-init v. 23.1.2-0ubuntu0~18.04.1 running 'init' at Tue, 23 Jul 2024 18:58:59 +0000. Up 30.26 seconds.
[   30.455291] cloud-init[693]: ci-info: ++++++++++++++++++++++++++++++++++++++Net device info+++++++++++++++++++++++++++++++++++++++
[   30.459956] cloud-init[693]: ci-info: +--------+------+-----------------------------+---------------+--------+-------------------+
[   30.465156] cloud-init[693]: ci-info: | Device |  Up  |           Address           |      Mask     | Scope  |     Hw-Address    |
[   30.471201] cloud-init[693]: ci-info: +--------+------+-----------------------------+---------------+--------+-------------------+
[   30.475793] cloud-init[693]: ci-info: | enp0s3 | True |          10.0.2.15          | 255.255.255.0 | global | 02:3b:7b:b7:3b:2d |
[   30.480496] cloud-init[693]: ci-info: | enp0s3 | True |  fe80::3b:7bff:feb7:3b2d/64 |       .       |  link  | 02:3b:7b:b7:3b:2d |
[   30.484820] cloud-init[693]: ci-info: | enp0s8 | True |        192.168.56.11        | 255.255.255.0 | global | 08:00:27:54:88:48 |
[   30.489934] cloud-init[693]: ci-info: | enp0s8 | True | fe80::a00:27ff:fe54:8848/64 |       .       |  link  | 08:00:27:54:88:48 |
[   30.494188] cloud-init[693]: ci-info: |   lo   | True |          127.0.0.1          |   255.0.0.0   |  host  |         .         |
[   30.498593] cloud-init[693]: ci-info: |   lo   | True |           ::1/128           |       .       |  host  |         .         |
[   30.503370] cloud-init[693]: ci-info: +--------+------+-----------------------------+---------------+--------+-------------------+
[   30.508373] cloud-init[693]: ci-info: +++++++++++++++++++++++++++++Route IPv4 info+++++++++++++++++++++++++++++
[   30.512724] cloud-init[693]: ci-info: +-------+--------------+----------+-----------------+-----------+-------+
[   30.516520] cloud-init[693]: ci-info: | Route | Destination  | Gateway  |     Genmask     | Interface | Flags |
[   30.520988] cloud-init[693]: ci-info: +-------+--------------+----------+-----------------+-----------+-------+
[   30.524938] cloud-init[693]: ci-info: |   0   |   0.0.0.0    | 10.0.2.2 |     0.0.0.0     |   enp0s3  |   UG  |
[   30.528783] cloud-init[693]: ci-info: |   1   |   10.0.2.0   | 0.0.0.0  |  255.255.255.0  |   enp0s3  |   U   |
[   30.532622] cloud-init[693]: ci-info: |   2   |   10.0.2.2   | 0.0.0.0  | 255.255.255.255 |   enp0s3  |   UH  |
[   30.536195] cloud-init[693]: ci-info: |   3   | 192.168.56.0 | 0.0.0.0  |  255.255.255.0  |   enp0s8  |   U   |
[   30.540375] cloud-init[693]: ci-info: +-------+--------------+----------+-----------------+-----------+-------+
[   30.544728] cloud-init[693]: ci-info: +++++++++++++++++++Route IPv6 info+++++++++++++++++++
[   30.548206] cloud-init[693]: ci-info: +-------+-------------+---------+-----------+-------+
[   30.551443] cloud-init[693]: ci-info: | Route | Destination | Gateway | Interface | Flags |
[   30.554220] cloud-init[693]: ci-info: +-------+-------------+---------+-----------+-------+
[   30.557423] cloud-init[693]: ci-info: |   1   |  fe80::/64  |    ::   |   enp0s8  |   U   |
[   30.560305] cloud-init[693]: ci-info: |   2   |  fe80::/64  |    ::   |   enp0s3  |   U   |
[   30.563135] cloud-init[693]: ci-info: |   4   |    local    |    ::   |   enp0s3  |   U   |
[   30.566432] cloud-init[693]: ci-info: |   5   |    local    |    ::   |   enp0s8  |   U   |
[   30.569565] cloud-init[693]: ci-info: |   6   |   ff00::/8  |    ::   |   enp0s8  |   U   |
[   30.572608] cloud-init[693]: ci-info: |   7   |   ff00::/8  |    ::   |   enp0s3  |   U   |
[   30.575663] cloud-init[693]: ci-info: +-------+-------------+---------+-----------+-------+
[[0;32m  OK  [0m] Started Initial cloud-init job (metadata service crawler).
[[0;32m  OK  [0m] Reached target Cloud-config availability.
[[0;32m  OK  [0m] Reached target Network is Online.
[[0;32m  OK  [0m] Reached target Remote File Systems (Pre).
         Starting Availability of block devices...
         Mounting /vagrant...
[[0;32m  OK  [0m] Reached target System Initialization.
[[0;32m  OK  [0m] Listening on ACPID Listen Socket.
         Starting Socket activation for snappy daemon.
[[0;32m  OK  [0m] Listening on D-Bus System Message Bus Socket.
         Starting LXD - unix socket.
[[0;32m  OK  [0m] Started Message of the Day.
[[0;32m  OK  [0m] Started Daily apt download activities.
[[0;32m  OK  [0m] Started Daily apt upgrade and clean activities.
[[0;32m  OK  [0m] Started ACPI Events Check.
         Starting Docker Socket for the API.
[[0;32m  OK  [0m] Listening on Open-iSCSI iscsid Socket.
[[0;32m  OK  [0m] Started Ubuntu Advantage Timer for running repeated jobs.
[[0;32m  OK  [0m] Listening on cloud-init hotplug hook socket.
[[0;32m  OK  [0m] Started Discard unused blocks once a week.
[[0;32m  OK  [0m] Started Daily Cleanup of Temporary Directories.
[[0;32m  OK  [0m] Reached target Timers.
[[0;32m  OK  [0m] Reached target Paths.
[[0;32m  OK  [0m] Listening on UUID daemon activation socket.
[[0;32m  OK  [0m] Started Availability of block devices.
[[0;32m  OK  [0m] Mounted /vagrant.
[[0;32m  OK  [0m] Listening on Socket activation for snappy daemon.
[[0;32m  OK  [0m] Listening on LXD - unix socket.
[[0;32m  OK  [0m] Listening on Docker Socket for the API.
[[0;32m  OK  [0m] Reached target Sockets.
[[0;32m  OK  [0m] Reached target Basic System.
         Starting containerd container runtime...
         Starting LSB: Record successful boot for GRUB...
         Starting System Logging Service...
         Starting Accounts Service...
         Starting Login Service...
[[0;32m  OK  [0m] Reached target Login Prompts (Pre).
         Starting Ubuntu FAN network setup...
         Starting Dispatcher daemon for systemd-networkd...
         Starting OpenBSD Secure Shell server...
         Starting Virtualbox guest utils...
[[0;32m  OK  [0m] Started Deferred execution scheduler.
         Starting LXD - container startup/shutdown...
[[0;32m  OK  [0m] Started D-Bus System Message Bus.
[[0;32m  OK  [0m] Started Login Service.
[[0;32m  OK  [0m] Started Unattended Upgrades Shutdown.
[[0;32m  OK  [0m] Started irqbalance daemon.
[[0;32m  OK  [0m] Started Regular background program processing daemon.
[[0;32m  OK  [0m] Started FUSE filesystem for LXC.
         Starting Snap Daemon...
[[0;32m  OK  [0m] Reached target Remote File Systems.
         Starting LSB: automatic crash report generation...
         Starting Permit User Sessions...
[[0;32m  OK  [0m] Started System Logging Service.
[[0;32m  OK  [0m] Started OpenBSD Secure Shell server.
[[0;32m  OK  [0m] Started Ubuntu FAN network setup.
[[0;32m  OK  [0m] Started Permit User Sessions.
         Starting Terminate Plymouth Boot Screen...
         Starting Hold until boot process finishes up...
         Starting Authorization Manager...
[[0;32m  OK  [0m] Started Terminate Plymouth Boot Screen.
[[0;32m  OK  [0m] Started Hold until boot process finishes up.
[[0;32m  OK  [0m] Started Serial Getty on ttyS0.
         Starting Set console scheme...
[[0;32m  OK  [0m] Started Set console scheme.
[[0;32m  OK  [0m] Created slice system-getty.slice.
[[0;32m  OK  [0m] Started Getty on tty1.
[[0;32m  OK  [0m] Reached target Login Prompts.
[[0;32m  OK  [0m] Started LSB: Record successful boot for GRUB.
[[0;32m  OK  [0m] Started LSB: automatic crash report generation.
[[0;32m  OK  [0m] Started LXD - container startup/shutdown.
[[0;32m  OK  [0m] Started Authorization Manager.
[[0;32m  OK  [0m] Started Accounts Service.
[[0;32m  OK  [0m] Started Virtualbox guest utils.
[[0;32m  OK  [0m] Started Dispatcher daemon for systemd-networkd.
[[0;32m  OK  [0m] Created slice User Slice of vagrant.
         Starting User Manager for UID 1000...
[[0;32m  OK  [0m] Started Session 1 of user vagrant.
[[0;32m  OK  [0m] Started User Manager for UID 1000.
[[0;32m  OK  [0m] Started Snap Daemon.
         Starting Wait until snapd is fully seeded...
         Starting Time & Date Service...
[[0;32m  OK  [0m] Started Time & Date Service.
[[0;32m  OK  [0m] Started containerd container runtime.
         Starting Docker Application Container Engine...
[[0;32m  OK  [0m] Started Wait until snapd is fully seeded.
         Starting Apply the settings specified in cloud-config...
[   38.244395] cloud-init[1474]: Cloud-init v. 23.1.2-0ubuntu0~18.04.1 running 'modules:config' at Tue, 23 Jul 2024 18:59:07 +0000. Up 37.79 seconds.

Ubuntu 18.04.6 LTS app ttyS0

app login: [   42.759547] cloud-init[1924]: Cloud-init v. 23.1.2-0ubuntu0~18.04.1 running 'modules:final' at Tue, 23 Jul 2024 18:59:11 +0000. Up 42.36 seconds.
[   42.775535] cloud-init[1924]: Cloud-init v. 23.1.2-0ubuntu0~18.04.1 finished at Tue, 23 Jul 2024 18:59:12 +0000. Datasource DataSourceNoCloud [seed=/dev/sdb][dsmode=net].  Up 42.73 seconds
